11-01-2026 11:17:43 , 377 | INFO | Logger initialized | logger.go
11-01-2026 11:17:43 , 378 | INFO | Starting HTTP server on :8080 | logger.go
11-01-2026 11:30:09 , 408 | WARN | Shutdown signal received | logger.go
11-01-2026 11:30:09 , 408 | INFO | Server exited gracefully | logger.go
11-01-2026 11:30:49 , 559 | INFO | Logger initialized | logger.go
11-01-2026 11:30:49 , 560 | INFO | Starting HTTP server on :8080 | logger.go
11-01-2026 11:31:49 , 117 | WARN | Shutdown signal received | logger.go
11-01-2026 11:31:49 , 117 | INFO | Server exited gracefully | logger.go
11-01-2026 11:31:54 , 825 | INFO | Logger initialized | logger.go
11-01-2026 11:31:54 , 825 | INFO | Starting HTTP server on :8080 | logger.go
11-01-2026 11:32:07 , 578 | INFO | order created successfullly | logger.go
11-01-2026 11:43:03 , 112 | WARN | Shutdown signal received | logger.go
11-01-2026 11:43:03 , 112 | INFO | Server exited gracefully | logger.go
11-01-2026 11:43:09 , 283 | INFO | Logger initialized | logger.go
11-01-2026 11:43:09 , 284 | INFO | Starting HTTP server on :8080 | logger.go
11-01-2026 11:47:21 , 277 | WARN | Shutdown signal received | logger.go
11-01-2026 11:47:21 , 277 | INFO | Server exited gracefully | logger.go
11-01-2026 11:47:27 , 019 | INFO | Logger initialized | logger.go
11-01-2026 11:47:27 , 020 | INFO | Starting HTTP server on :8080 | logger.go
11-01-2026 12:36:29 , 097 | WARN | Shutdown signal received | logger.go
11-01-2026 12:36:29 , 098 | INFO | Server exited gracefully | logger.go
11-01-2026 12:36:34 , 528 | INFO | Logger initialized | logger.go
11-01-2026 12:36:34 , 529 | INFO | Starting HTTP server on :8080 | logger.go
11-01-2026 12:36:40 , 080 | INFO | tracking events fetched | tracking_id=TRK-12349 | count=2 | logger.go
